DE 10000023 00000000 1000000 ***
ES 00000000 00000000 000 ***