Error. Not logged in. Cannot perform transaction.
