WD 11111110 00000000 10000000 ***
ES 00000000 00000000 000 ***
