Error. Account provided is invalid.
ES 00000000 00000000 000 ***