Error. Attempted transfer from invalid account.
ES 00000000 00000000 000 ***