TR 11111120 11111110 100 ***
ES 00000000 00000000 000 ***
