DE 11111110 00000000 1000000 ***
ES 00000000 00000000 000 ***

