Error. Cannot deposit amounts more than $999,999.99.00 in ATM mode.
ES 00000000 00000000 000 ***