DL 11111110 00000000 000 testAcccount
Error. Cannot create account with same number as deleted account.
ES 00000000 00000000 000 ***