DL 11111110 00000000 000 testAcccount
ES 00000000 00000000 000 ***
