Error. Invalid account number.
ES 00000000 00000000 000 ***