DL 11111110 00000000 0000 testAccount
ES 00000000 00000000 000 ***