DE 11111110 00000000 1000 ***
WD 11111110 00000000 1000 ***
DL 11111110 00000000 000 accountName
ES 00000000 00000000 000 ***

