DL 11111110 00000000 000 testAccount
Error. Cannot perform transaction on invalid account.
ES 00000000 00000000 000 ***