CR 11987110 00000000 000 testAccount
ES 00000000 00000000 000 ***\n
