CR 11111110 00000000 000 testAccount
ES 00000000 00000000 000 ***