CR 11111111 00000000 000 testAccount
DL 11111111 00000000 000 testAccount
ES 00000000 00000000 000 ***
\n
