Error. Invalid space at start of account name.
ES 00000000 00000000 000 ***