TR 10000327 10000223 500 ***
ES 00000000 00000000 000 ***

